// Jest Snapshot v1, https://jestjs.io/docs/snapshot-testing

exports[`Markdown sanitization snapshot: tables and code blocks 1`] = `
"
<table>
<thead>
<tr>
<th>h1</th>
<th>h2</th>
</tr>
</thead>
<tbody><tr>
<td>a</td>
<td>b</td>
</tr>
</tbody></table>
<pre><code class="language-ts">const x: number = 1;
console.log(x);</code></pre>
"
`;
